[00:47:40] [ServerMain/INFO]: Environment: Environment[sessionHost=https://sessionserver.mojang.com, servicesHost=https://api.minecraftservices.com, profilesHost=https://api.mojang.com, name=PROD]
[00:47:42] [ServerMain/INFO]: Loaded 1470 recipes
[00:47:42] [ServerMain/INFO]: Loaded 1584 advancements
[00:47:42] [Server thread/INFO]: Starting minecraft server version 1.21.11
[00:47:42] [Server thread/INFO]: Loading properties
[00:47:42] [Server thread/INFO]: Default game type: SURVIVAL
[00:47:42] [Server thread/INFO]: Generating keypair
[00:47:42] [Server thread/INFO]: Starting Minecraft server on *:25565
[00:47:42] [Server thread/WARN]: **** SERVER IS RUNNING IN OFFLINE/INSECURE MODE!
[00:47:42] [Server thread/WARN]: The server will make no attempt to authenticate usernames. Beware.
[00:47:42] [Server thread/WARN]: While this makes the game possible to play without internet access, it also opens up the ability for hackers to connect with any username they choose.
[00:47:42] [Server thread/WARN]: To change this, set "online-mode" to "true" in the server.properties file.
[00:47:42] [Server thread/INFO]: Preparing level "world"
[00:47:43] [Server thread/INFO]: Loading 0 persistent chunks...
[00:47:43] [Server thread/INFO]: Preparing spawn area: 100%
[00:47:43] [Server thread/INFO]: Time elapsed: 14 ms
[00:47:43] [Server thread/INFO]: Done (0.654s)! For help, type "help"
[00:48:10] [Server thread/INFO]: LenzGOTY[/127.54.253.16:58681] logged in with entity id 66 at (443.98193223153794, 63.0, -146.86758050549636)
[00:48:10] [Server thread/INFO]: LenzGOTY joined the game
[01:12:17] [Server thread/INFO]: LenzGOTY lost connection: Disconnected
[01:12:17] [Server thread/INFO]: LenzGOTY left the game
[01:12:27] [Server thread/INFO]: Stopping the server
[01:12:27] [Server thread/INFO]: Stopping server
[01:12:27] [Server thread/INFO]: Saving players
[01:12:27] [Server thread/INFO]: Saving worlds
[01:12:27] [Server thread/INFO]: Saving chunks for level 'ServerLevel[world]'/minecraft:overworld
[01:12:27] [Server thread/INFO]: Saving chunks for level 'ServerLevel[world]'/minecraft:the_end
[01:12:27] [Server thread/INFO]: Saving chunks for level 'ServerLevel[world]'/minecraft:the_nether
[01:12:27] [Server thread/INFO]: ThreadedAnvilChunkStorage (world): All chunks are saved
[01:12:27] [Server thread/INFO]: ThreadedAnvilChunkStorage (DIM1): All chunks are saved
[01:12:27] [Server thread/INFO]: ThreadedAnvilChunkStorage (DIM-1): All chunks are saved
[01:12:27] [Server thread/INFO]: ThreadedAnvilChunkStorage: All dimensions are saved
